// Jest Snapshot v1, https://goo.gl/fbAQLP

exports[`Favorites page should render without data 1`] = `
Object {
  "asFragment": [Function],
  "baseElement": <body>
    <div>
      <div
        class="favoritesContainer"
      >
        <div
          class="bannerContainer"
        >
          <h2>
            My favorite albums
          </h2>
        </div>
        <div
          class="errorContainer"
        >
          <svg
            fill="currentColor"
            height="45"
            stroke="currentColor"
            stroke-width="0"
            viewBox="0 0 24 24"
            width="45"
            xmlns="http://www.w3.org/2000/svg"
          >
            <path
              d="M11 7H13V14H11zM11 15H13V17H11z"
            />
            <path
              d="M21.707,7.293l-5-5C16.52,2.105,16.266,2,16,2H8C7.734,2,7.48,2.105,7.293,2.293l-5,5C2.105,7.48,2,7.734,2,8v8 c0,0.266,0.105,0.52,0.293,0.707l5,5C7.48,21.895,7.734,22,8,22h8c0.266,0,0.52-0.105,0.707-0.293l5-5 C21.895,16.52,22,16.266,22,16V8C22,7.734,21.895,7.48,21.707,7.293z M20,15.586L15.586,20H8.414L4,15.586V8.414L8.414,4h7.172 L20,8.414V15.586z"
            />
          </svg>
          <h4>
            No albums found in the favorites category.
          </h4>
        </div>
      </div>
    </div>
  </body>,
  "container": <div>
    <div
      class="favoritesContainer"
    >
      <div
        class="bannerContainer"
      >
        <h2>
          My favorite albums
        </h2>
      </div>
      <div
        class="errorContainer"
      >
        <svg
          fill="currentColor"
          height="45"
          stroke="currentColor"
          stroke-width="0"
          viewBox="0 0 24 24"
          width="45"
          xmlns="http://www.w3.org/2000/svg"
        >
          <path
            d="M11 7H13V14H11zM11 15H13V17H11z"
          />
          <path
            d="M21.707,7.293l-5-5C16.52,2.105,16.266,2,16,2H8C7.734,2,7.48,2.105,7.293,2.293l-5,5C2.105,7.48,2,7.734,2,8v8 c0,0.266,0.105,0.52,0.293,0.707l5,5C7.48,21.895,7.734,22,8,22h8c0.266,0,0.52-0.105,0.707-0.293l5-5 C21.895,16.52,22,16.266,22,16V8C22,7.734,21.895,7.48,21.707,7.293z M20,15.586L15.586,20H8.414L4,15.586V8.414L8.414,4h7.172 L20,8.414V15.586z"
          />
        </svg>
        <h4>
          No albums found in the favorites category.
        </h4>
      </div>
    </div>
  </div>,
  "debug": [Function],
  "findAllByAltText": [Function],
  "findAllByDisplayValue": [Function],
  "findAllByLabelText": [Function],
  "findAllByPlaceholderText": [Function],
  "findAllByRole": [Function],
  "findAllByTestId": [Function],
  "findAllByText": [Function],
  "findAllByTitle": [Function],
  "findByAltText": [Function],
  "findByDisplayValue": [Function],
  "findByLabelText": [Function],
  "findByPlaceholderText": [Function],
  "findByRole": [Function],
  "findByTestId": [Function],
  "findByText": [Function],
  "findByTitle": [Function],
  "getAllByAltText": [Function],
  "getAllByDisplayValue": [Function],
  "getAllByLabelText": [Function],
  "getAllByPlaceholderText": [Function],
  "getAllByRole": [Function],
  "getAllByTestId": [Function],
  "getAllByText": [Function],
  "getAllByTitle": [Function],
  "getByAltText": [Function],
  "getByDisplayValue": [Function],
  "getByLabelText": [Function],
  "getByPlaceholderText": [Function],
  "getByRole": [Function],
  "getByTestId": [Function],
  "getByText": [Function],
  "getByTitle": [Function],
  "queryAllByAltText": [Function],
  "queryAllByDisplayValue": [Function],
  "queryAllByLabelText": [Function],
  "queryAllByPlaceholderText": [Function],
  "queryAllByRole": [Function],
  "queryAllByTestId": [Function],
  "queryAllByText": [Function],
  "queryAllByTitle": [Function],
  "queryByAltText": [Function],
  "queryByDisplayValue": [Function],
  "queryByLabelText": [Function],
  "queryByPlaceholderText": [Function],
  "queryByRole": [Function],
  "queryByTestId": [Function],
  "queryByText": [Function],
  "queryByTitle": [Function],
  "rerender": [Function],
  "unmount": [Function],
}
`;
