// Jest Snapshot v1, https://goo.gl/fbAQLP

exports[`Banner component should render 1`] = `
Object {
  "asFragment": [Function],
  "baseElement": <body>
    <div>
      <div
        class="bannerContainer"
      >
        <h2>
          Top 100 Albums Itunes
        </h2>
        <svg
          fill="currentColor"
          height="30"
          stroke="currentColor"
          stroke-width="0"
          viewBox="0 0 24 24"
          width="30"
          xmlns="http://www.w3.org/2000/svg"
        >
          <path
            d="M12,4c-4.411,0-8,3.589-8,8s3.589,8,8,8s8-3.589,8-8S16.411,4,12,4z M8,12H6c0-3.309,2.691-6,6-6v2 C9.794,8,8,9.794,8,12z M11.993,14c-1.108,0-2.007-0.898-2.007-2.007s0.898-2.007,2.007-2.007S14,10.885,14,11.993 S13.102,14,11.993,14z"
            fill="none"
          />
          <circle
            cx="11.993"
            cy="11.993"
            r="2.007"
          />
          <path
            d="M12,2C6.486,2,2,6.486,2,12s4.486,10,10,10s10-4.486,10-10S17.514,2,12,2z M12,20c-4.411,0-8-3.589-8-8s3.589-8,8-8 s8,3.589,8,8S16.411,20,12,20z"
          />
          <path
            d="M12,6c-3.309,0-6,2.691-6,6h2c0-2.206,1.794-4,4-4V6z"
          />
        </svg>
      </div>
    </div>
  </body>,
  "container": <div>
    <div
      class="bannerContainer"
    >
      <h2>
        Top 100 Albums Itunes
      </h2>
      <svg
        fill="currentColor"
        height="30"
        stroke="currentColor"
        stroke-width="0"
        viewBox="0 0 24 24"
        width="30"
        xmlns="http://www.w3.org/2000/svg"
      >
        <path
          d="M12,4c-4.411,0-8,3.589-8,8s3.589,8,8,8s8-3.589,8-8S16.411,4,12,4z M8,12H6c0-3.309,2.691-6,6-6v2 C9.794,8,8,9.794,8,12z M11.993,14c-1.108,0-2.007-0.898-2.007-2.007s0.898-2.007,2.007-2.007S14,10.885,14,11.993 S13.102,14,11.993,14z"
          fill="none"
        />
        <circle
          cx="11.993"
          cy="11.993"
          r="2.007"
        />
        <path
          d="M12,2C6.486,2,2,6.486,2,12s4.486,10,10,10s10-4.486,10-10S17.514,2,12,2z M12,20c-4.411,0-8-3.589-8-8s3.589-8,8-8 s8,3.589,8,8S16.411,20,12,20z"
        />
        <path
          d="M12,6c-3.309,0-6,2.691-6,6h2c0-2.206,1.794-4,4-4V6z"
        />
      </svg>
    </div>
  </div>,
  "debug": [Function],
  "findAllByAltText": [Function],
  "findAllByDisplayValue": [Function],
  "findAllByLabelText": [Function],
  "findAllByPlaceholderText": [Function],
  "findAllByRole": [Function],
  "findAllByTestId": [Function],
  "findAllByText": [Function],
  "findAllByTitle": [Function],
  "findByAltText": [Function],
  "findByDisplayValue": [Function],
  "findByLabelText": [Function],
  "findByPlaceholderText": [Function],
  "findByRole": [Function],
  "findByTestId": [Function],
  "findByText": [Function],
  "findByTitle": [Function],
  "getAllByAltText": [Function],
  "getAllByDisplayValue": [Function],
  "getAllByLabelText": [Function],
  "getAllByPlaceholderText": [Function],
  "getAllByRole": [Function],
  "getAllByTestId": [Function],
  "getAllByText": [Function],
  "getAllByTitle": [Function],
  "getByAltText": [Function],
  "getByDisplayValue": [Function],
  "getByLabelText": [Function],
  "getByPlaceholderText": [Function],
  "getByRole": [Function],
  "getByTestId": [Function],
  "getByText": [Function],
  "getByTitle": [Function],
  "queryAllByAltText": [Function],
  "queryAllByDisplayValue": [Function],
  "queryAllByLabelText": [Function],
  "queryAllByPlaceholderText": [Function],
  "queryAllByRole": [Function],
  "queryAllByTestId": [Function],
  "queryAllByText": [Function],
  "queryAllByTitle": [Function],
  "queryByAltText": [Function],
  "queryByDisplayValue": [Function],
  "queryByLabelText": [Function],
  "queryByPlaceholderText": [Function],
  "queryByRole": [Function],
  "queryByTestId": [Function],
  "queryByText": [Function],
  "queryByTitle": [Function],
  "rerender": [Function],
  "unmount": [Function],
}
`;
